<html>
<body>
<pre>
<h1>µVision Build Log</h1>
<h2>Tool Versions:</h2>
IDE-Version: ¦ÌVision V5.24.2.0
Copyright (C) 2017 ARM Ltd and ARM Germany GmbH. All rights reserved.
License Information: DPL lun55423@gmail.com, DPL, LIC=8MZ9U-SRAG0-22RL4-FMY7W-KZDP4-Q0WSU
 
Tool Versions:
Toolchain:       MDK-ARM Professional  Version: 5.24.1
Toolchain Path:  D:\Keil_v5\ARM\ARMCC\Bin
C Compiler:      Armcc.exe V5.06 update 5 (build 528)
Assembler:       Armasm.exe V5.06 update 5 (build 528)
Linker/Locator:  ArmLink.exe V5.06 update 5 (build 528)
Library Manager: ArmAr.exe V5.06 update 5 (build 528)
Hex Converter:   FromElf.exe V5.06 update 5 (build 528)
CPU DLL:         SARMCM3.DLL V5.24.1
Dialog DLL:      DARMSTM.DLL V1.68.0.0
Target DLL:      Segger\JL2CM3.dll V2.99.26.0
Dialog DLL:      TARMSTM.DLL V1.66.0.0
 
<h2>Project:</h2>
C:\Users\lun55\Desktop\Z18B_NB-IoT\Z18B_PP0_V003_FW\Project\USR\Z18B_Project.uvprojx
Project File Date:  02/11/2019

<h2>Output:</h2>
*** Using Compiler 'V5.06 update 5 (build 528)', folder: 'D:\Keil_v5\ARM\ARMCC\Bin'
Build target 'STM32F103ZET6'
assembling startup_stm32f10x_hd.s...
compiling core_cm3.c...
compiling stm32f10x_it.c...
compiling misc.c...
compiling system_stm32f10x.c...
compiling delay.c...
compiling stm32f10x_dma.c...
compiling sys.c...
compiling stm32f10x_fsmc.c...
compiling stm32f10x_rcc.c...
compiling stm32f10x_usart.c...
compiling stm32f10x_iwdg.c...
compiling stm32f10x_gpio.c...
compiling stm32f10x_tim.c...
compiling bsp.c...
compiling led.c...
compiling iic_ADS.c...
compiling usart2_send.c...
compiling iwdog.c...
compiling timer.c...
compiling iic_HTS.c...
compiling usart3_pm.c...
compiling ptc.c...
compiling kalman.c...
compiling avrfilter.c...
compiling sht31.c...
compiling nbiot.c...
..\PTC\nb-iot\nbiot.c(126): warning:  #167-D: argument of type "uint8_t *" is incompatible with parameter of type "const char *restrict"
  	printf((uint8_t*)"AT+MIPLOPEN=0,9600,60\r\n");
..\PTC\nb-iot\nbiot.c(598): warning:  #167-D: argument of type "uint8_t *" is incompatible with parameter of type "const char *restrict"
  	printf((uint8_t*)"AT+MIPLOPEN=0,9600,60\r\n");
..\PTC\nb-iot\nbiot.c: 2 warnings, 0 errors
compiling ads1115.c...
compiling bmp180.c...
compiling hexstring.c...
compiling app.c...
compiling main.c...
linking...
Program Size: Code=28166 RO-data=522 RW-data=188 ZI-data=3596  
FromELF: creating hex file...
"..\OBJ\Z18B_Project.axf" - 0 Error(s), 2 Warning(s).

<h2>Software Packages used:</h2>

Package Vendor: ARM
                http://www.keil.com/pack/ARM.CMSIS.5.4.0.pack
                ARM.CMSIS.5.4.0
                CMSIS (Cortex Microcontroller Software Interface Standard)
   * Component: CORE Version: 5.1.2

Package Vendor: Keil
                http://www.keil.com/pack/Keil.STM32F1xx_DFP.2.2.0.pack
                Keil.STM32F1xx_DFP.2.2.0
                STMicroelectronics STM32F1 Series Device Support, Drivers and Examples

<h2>Collection of Component include folders:</h2>
  .\RTE\_STM32F103ZET6
  D:\Keil_v5\ARM\PACK\ARM\CMSIS\5.4.0\CMSIS\Core\Include
  D:\Keil_v5\ARM\PACK\Keil\STM32F1xx_DFP\2.2.0\Device\Include

<h2>Collection of Component Files used:</h2>

   * Component: ARM::CMSIS:CORE:5.1.2
Build Time Elapsed:  00:00:06
</pre>
</body>
</html>
